// Jest Snapshot v1, https://goo.gl/fbAQLP

exports[`error logging, #1836 - 1 1`] = `
Array [
  "[warn] [mobx] (error in reaction 'Autorun@71' suppressed, fix error of causing action below)",
  "[error] Error: Action error",
]
`;

exports[`error logging, #1836 - 2 1`] = `
Array [
  "[error] [mobx] Encountered an uncaught exception that was thrown by a reaction or observer component, in: 'Reaction[Autorun@74]'",
]
`;
